
[1m[46m RUN [49m[22m [36mv4.0.18 [39m[90mC:/Users/Usuario/.gemini/antigravity/playground/app finanzas restaurante[39m

 [32mÔ£ô[39m src/lib/menu-engineering.test.ts [2m([22m[2m7 tests[22m[2m)[22m[32m 5[2mms[22m[39m

[2m Test Files [22m [1m[32m1 passed[39m[22m[90m (1)[39m
[2m      Tests [22m [1m[32m7 passed[39m[22m[90m (7)[39m
[2m   Start at [22m 18:03:50
[2m   Duration [22m 1.64s[2m (transform 56ms, setup 0ms, import 79ms, tests 5ms, environment 1.23s)[22m

