
> temp_app@0.1.0 test
> vitest run --run


[1m[46m RUN [49m[22m [36mv4.0.18 [39m[90mC:/Users/Usuario/.gemini/antigravity/playground/app finanzas restaurante[39m

 [31mÔØ»[39m tests/unit/recipe-utils.test.ts [2m([22m[2m11 tests[22m[2m | [22m[31m1 failed[39m[2m)[22m[32m 24[2mms[22m[39m
     [32mÔ£ô[39m deber├¡a formatear ingrediente b├ísico (l├¡neas 20-48)[32m 4[2mms[22m[39m
     [32mÔ£ô[39m deber├¡a formatear sub-receta (l├¡neas 20-48)[32m 1[2mms[22m[39m
     [32mÔ£ô[39m deber├¡a usar yield_factor cuando est├í presente (l├¡neas 35-37)[32m 0[2mms[22m[39m
     [32mÔ£ô[39m deber├¡a usar masterYield cuando yield_factor es null (l├¡neas 35-37)[32m 0[2mms[22m[39m
     [32mÔ£ô[39m deber├¡a marcar como custom cuando diff > 0.001 (l├¡neas 50)[32m 0[2mms[22m[39m
     [32mÔ£ô[39m deber├¡a manejar precio 0 (l├¡neas 23)[32m 0[2mms[22m[39m
     [32mÔ£ô[39m deber├¡a manejar waste 0 (l├¡neas 24)[32m 1[2mms[22m[39m
[31m     [31m├ù[31m deber├¡a lanzar error si falta master_ingredient (l├¡neas 21-23)[39m[32m 11[2mms[22m[39m
     [32mÔ£ô[39m deber├¡a lanzar error si falta sub_recipe (l├¡neas 24-26)[32m 1[2mms[22m[39m
     [32mÔ£ô[39m deber├¡a manejar yield_factor undefined (l├¡neas 35-37)[32m 1[2mms[22m[39m
     [32mÔ£ô[39m deber├¡a formatear sub-receta completa (l├¡neas 20-48)[32m 1[2mms[22m[39m
 [32mÔ£ô[39m tests/unit/safeaction-handlers-real.test.ts [2m([22m[2m4 tests[22m[2m)[22m[33m 591[2mms[22m[39m
       [33m[2mÔ£ô[22m[39m deber├¡a ejecutar handler real y crear ingrediente [33m 525[2mms[22m[39m
 [32mÔ£ô[39m tests/unit/suppliers.test.ts [2m([22m[2m15 tests[22m[2m)[22m[33m 539[2mms[22m[39m
       [33m[2mÔ£ô[22m[39m deber├¡a existir la funci├│n getSuppliers [33m 471[2mms[22m[39m
 [32mÔ£ô[39m tests/unit/financial-control-ultra.test.ts [2m([22m[2m4 tests[22m[2m)[22m[33m 736[2mms[22m[39m
       [33m[2mÔ£ô[22m[39m deber├¡a ejecutar l├¡nea 545 - topIncreaseCategories con datos reales [33m 725[2mms[22m[39m
 [32mÔ£ô[39m tests/unit/setup.test.ts [2m([22m[2m5 tests[22m[2m)[22m[33m 559[2mms[22m[39m
     [33m[2mÔ£ô[22m[39m should support testing library matchers [33m 546[2mms[22m[39m
 [32mÔ£ô[39m tests/unit/financial-control-insights.test.ts [2m([22m[2m2 tests[22m[2m)[22m[33m 585[2mms[22m[39m
     [33m[2mÔ£ô[22m[39m deber├¡a existir getExpenseDashboardData [33m 577[2mms[22m[39m
 [32mÔ£ô[39m tests/unit/financial-control-final.test.ts [2m([22m[2m5 tests[22m[2m)[22m[33m 657[2mms[22m[39m
       [33m[2mÔ£ô[22m[39m deber├¡a ejecutar l├¡nea 545 con categor├¡as de aumento [33m 646[2mms[22m[39m
 [32mÔ£ô[39m tests/integration/flows.test.ts [2m([22m[2m10 tests[22m[2m)[22m[33m 1467[2mms[22m[39m
       [33m[2mÔ£ô[22m[39m deber├¡a existir flujo de creaci├│n de ingredientes [33m 904[2mms[22m[39m
       [33m[2mÔ£ô[22m[39m deber├¡a existir flujo de registro de ventas [33m 530[2mms[22m[39m
stderr | tests/unit/financial-control.test.ts > Financial Control Actions > Manejo de Errores > deber├¡a lanzar error en getDailySales para otros errores
Error fetching daily sales: { code: 'PGRST001', message: 'Connection failed' }

stderr | tests/unit/financial-control.test.ts > Financial Control Actions > Manejo de Errores > deber├¡a lanzar error en getDailySalesRange
Error fetching daily sales range: { message: 'Database timeout' }

stderr | tests/unit/financial-control.test.ts > Financial Control Actions > Manejo de Errores > deber├¡a retornar error en upsertDailySales
Error upserting daily sales: { message: 'Unique violation' }

stderr | tests/unit/financial-control.test.ts > Financial Control Actions > Manejo de Errores > deber├¡a lanzar error en getOperatingExpenses
Error fetching expenses: { message: 'Permission denied' }

stderr | tests/unit/financial-control.test.ts > Financial Control Actions > Manejo de Errores > deber├¡a retornar error en upsertOperatingExpense
Error upserting expense: { message: 'Insert failed' }

stderr | tests/unit/recipes.test.ts > Recipes Actions > getRecipePriceHistory > deber├¡a manejar error de consulta y retornar array vac├¡o
Error fetching recipe price history: { message: 'Database connection lost' }

 [32mÔ£ô[39m tests/unit/recipes.test.ts [2m([22m[2m16 tests[22m[2m)[22m[32m 218[2mms[22m[39m
 [32mÔ£ô[39m tests/unit/financial-control.test.ts [2m([22m[2m42 tests[22m[2m)[22m[33m 382[2mms[22m[39m
 [32mÔ£ô[39m tests/unit/ultra-specific-lines.test.ts [2m([22m[2m5 tests[22m[2m)[22m[33m 306[2mms[22m[39m
stderr | tests/unit/ingredients.test.ts > Ingredients Actions > getIngredientPriceHistory > deber├¡a retornar array vac├¡o si falla la consulta
Error fetching price history: { message: 'History error' }

stderr | tests/unit/ingredients-import-comprehensive.test.ts > checkIngredientUsage - Deep Tests > deber├¡a retornar array vac├¡o si hay error (l├¡nea 171-173)
Error checking usage: { message: 'Database error' }

 [32mÔ£ô[39m tests/unit/recipes-comprehensive.test.ts [2m([22m[2m6 tests[22m[2m)[22m[32m 225[2mms[22m[39m
 [32mÔ£ô[39m tests/unit/ingredients.test.ts [2m([22m[2m24 tests[22m[2m)[22m[33m 366[2mms[22m[39m
stderr | tests/unit/ingredients-import-comprehensive.test.ts > importIngredientsBulk - Deep Tests > Error handling (l├¡neas 257-258) > deber├¡a lanzar error detallado cuando falla el upsert (l├¡nea 257-258)
Error importing ingredients: { message: 'unique_violation: duplicate key value' }

stderr | tests/unit/ingredients-import-comprehensive.test.ts > importIngredientsBulk - Deep Tests > Error handling (l├¡neas 257-258) > deber├¡a lanzar error para constraint violations
Error importing ingredients: { message: 'foreign_key_violation' }

 [32mÔ£ô[39m tests/unit/ingredients-import-comprehensive.test.ts [2m([22m[2m14 tests[22m[2m)[22m[33m 366[2mms[22m[39m
 [32mÔ£ô[39m tests/unit/recipes-delete-handler.test.ts [2m([22m[2m2 tests[22m[2m)[22m[32m 203[2mms[22m[39m
 [32mÔ£ô[39m tests/components/DeleteIngredientAlert.test.tsx [2m([22m[2m6 tests[22m[2m)[22m[33m 2949[2mms[22m[39m
     [33m[2mÔ£ô[22m[39m deber├¡a renderizar el bot├│n de eliminar [33m 672[2mms[22m[39m
     [33m[2mÔ£ô[22m[39m deber├¡a abrir el di├ílogo al hacer clic en el bot├│n [33m 503[2mms[22m[39m
     [33m[2mÔ£ô[22m[39m deber├¡a mostrar advertencia cuando hay recetas asociadas [33m 512[2mms[22m[39m
     [33m[2mÔ£ô[22m[39m deber├¡a permitir eliminaci├│n cuando no hay recetas [33m 641[2mms[22m[39m
     [33m[2mÔ£ô[22m[39m deber├¡a mostrar error si falla la eliminaci├│n [33m 563[2mms[22m[39m
 [31mÔØ»[39m tests/components/IngredientsTable.test.tsx [2m([22m[2m11 tests[22m[2m | [22m[31m3 failed[39m[2m)[22m[33m 3182[2mms[22m[39m
     [32mÔ£ô[39m deber├¡a renderizar la tabla con ingredientes[32m 277[2mms[22m[39m
     [32mÔ£ô[39m deber├¡a mostrar mensaje cuando no hay ingredientes[32m 13[2mms[22m[39m
     [32mÔ£ô[39m deber├¡a mostrar unidades correctamente[32m 127[2mms[22m[39m
     [32mÔ£ô[39m deber├¡a mostrar precios formateados[32m 113[2mms[22m[39m
     [32mÔ£ô[39m deber├¡a mostrar porcentaje de merma[32m 135[2mms[22m[39m
[31m     [31m├ù[31m deber├¡a entrar en modo edici├│n al hacer clic en editar[39m[33m 1400[2mms[22m[39m
[31m     [31m├ù[31m deber├¡a cancelar edici├│n al hacer clic en X[39m[33m 473[2mms[22m[39m
[31m     [31m├ù[31m deber├¡a mostrar error con valores inv├ílidos[39m[33m 425[2mms[22m[39m
     [32mÔ£ô[39m deber├¡a llamar onDelete cuando se elimina un ingrediente[32m 68[2mms[22m[39m
     [32mÔ£ô[39m deber├¡a mostrar badge de rendimiento correctamente[32m 114[2mms[22m[39m
     [32mÔ£ô[39m deber├¡a mostrar gui├│n para precio cero[32m 32[2mms[22m[39m
 [32mÔ£ô[39m tests/unit/lib-utils.test.ts [2m([22m[2m36 tests[22m[2m)[22m[32m 72[2mms[22m[39m
 [32mÔ£ô[39m tests/components/CreateIngredientDialog.test.tsx [2m([22m[2m13 tests[22m[2m)[22m[33m 4776[2mms[22m[39m
     [33m[2mÔ£ô[22m[39m deber├¡a abrir el di├ílogo al hacer clic en el bot├│n [33m 1096[2mms[22m[39m
     [33m[2mÔ£ô[22m[39m deber├¡a mostrar todos los campos del formulario [33m 579[2mms[22m[39m
     [33m[2mÔ£ô[22m[39m deber├¡a tener valores por defecto correctos [33m 413[2mms[22m[39m
     [33m[2mÔ£ô[22m[39m deber├¡a permitir ingresar datos en el formulario [33m 536[2mms[22m[39m
     [33m[2mÔ£ô[22m[39m deber├¡a calcular y mostrar el yield [33m 323[2mms[22m[39m
 [32mÔ£ô[39m tests/unit/utils.test.ts [2m([22m[2m8 tests[22m[2m)[22m[32m 26[2mms[22m[39m
 [32mÔ£ô[39m tests/unit/supabase-server.test.ts [2m([22m[2m8 tests[22m[2m)[22m[32m 27[2mms[22m[39m
 [32mÔ£ô[39m tests/unit/recipes-format.test.ts [2m([22m[2m10 tests[22m[2m)[22m[32m 6[2mms[22m[39m
stderr | tests/unit/safe-action.test.ts > Safe Action > executeSafeAction > deber├¡a manejar error de autenticaci├│n
Action Error: Error: Unauthorized
    at C:/Users/Usuario/.gemini/antigravity/playground/app finanzas restaurante/tests/unit/safe-action.test.ts:75:47
    at processTicksAndRejections (node:internal/process/task_queues:103:5)
    at file:///C:/Users/Usuario/.gemini/antigravity/playground/app%20finanzas%20restaurante/node_modules/@vitest/runner/dist/index.js:915:20

stderr | tests/unit/safe-action.test.ts > Safe Action > executeSafeAction > deber├¡a manejar errores del handler
Action Error: Error: Database connection failed
    at C:/Users/Usuario/.gemini/antigravity/playground/app finanzas restaurante/tests/unit/safe-action.test.ts:87:53
    at processTicksAndRejections (node:internal/process/task_queues:103:5)
    at file:///C:/Users/Usuario/.gemini/antigravity/playground/app%20finanzas%20restaurante/node_modules/@vitest/runner/dist/index.js:915:20

stderr | tests/unit/safe-action.test.ts > Safe Action > executeSafeAction > deber├¡a manejar errores no-Error
Action Error: String error

stderr | tests/unit/safe-action.test.ts > Safe Action > safeAction factory > deber├¡a manejar errores en acci├│n creada
Action Error: Error: Action failed
    at C:/Users/Usuario/.gemini/antigravity/playground/app finanzas restaurante/tests/unit/safe-action.test.ts:201:49
    at processTicksAndRejections (node:internal/process/task_queues:103:5)
    at file:///C:/Users/Usuario/.gemini/antigravity/playground/app%20finanzas%20restaurante/node_modules/@vitest/runner/dist/index.js:915:20

 [32mÔ£ô[39m tests/unit/safe-action.test.ts [2m([22m[2m12 tests[22m[2m)[22m[32m 51[2mms[22m[39m
 [32mÔ£ô[39m tests/unit/financial-utils.test.ts [2m([22m[2m18 tests[22m[2m)[22m[32m 15[2mms[22m[39m

ÔÄ»ÔÄ»ÔÄ»ÔÄ»ÔÄ»ÔÄ»ÔÄ» Failed Tests 4 ÔÄ»ÔÄ»ÔÄ»ÔÄ»ÔÄ»ÔÄ»ÔÄ»

 FAIL  tests/components/IngredientsTable.test.tsx > IngredientsTable > deber├¡a entrar en modo edici├│n al hacer clic en editar
TestingLibraryElementError: Unable to find an element with the display value: 5.

Ignored nodes: comments, script, style
<body
  data-scroll-locked="1"
  style="pointer-events: none;"
>
  <span
    aria-hidden="true"
    data-aria-hidden="true"
    data-radix-focus-guard=""
    style="outline: none; opacity: 0; position: fixed; pointer-events: none;"
    tabindex="0"
  />
  <div
    aria-hidden="true"
    data-aria-hidden="true"
  >
    <div
      class="rounded-lg border border-border overflow-hidden shadow-sm animate-fade-in-up bg-white"
    >
      <div
        class="relative w-full overflow-x-auto"
        data-slot="table-container"
      >
        <table
          class="w-full caption-bottom text-sm"
          data-slot="table"
        >
          <thead
            class="[&_tr]:border-b"
            data-slot="table-header"
          >
            <tr
              class="data-[state=selected]:bg-muted border-b transition-colors bg-muted/30 hover:bg-muted/30"
              data-slot="table-row"
            >
              <th
                class="text-foreground h-10 px-2 text-left align-middle whitespace-nowrap [&:has([role=checkbox])]:pr-0 [&>[role=checkbox]]:translate-y-[2px] font-semibold w-[25%]"
                data-slot="table-head"
              >
                Ingrediente
              </th>
              <th
                class="text-foreground h-10 px-2 text-left align-middle whitespace-nowrap [&:has([role=checkbox])]:pr-0 [&>[role=checkbox]]:translate-y-[2px] font-semibold w-[10%]"
                data-slot="table-head"
              >
                Unidad
              </th>
              <th
                class="text-foreground h-10 px-2 text-left align-middle whitespace-nowrap [&:has([role=checkbox])]:pr-0 [&>[role=checkbox]]:translate-y-[2px] font-semibold w-[15%]"
                data-slot="table-head"
              >
                Rendimiento
              </th>
              <th
                class="text-foreground h-10 px-2 text-left align-middle whitespace-nowrap [&:has([role=checkbox])]:pr-0 [&>[role=checkbox]]:translate-y-[2px] font-semibold w-[20%]"
                data-slot="table-head"
              >
                Al├®rgenos
              </th>
              <th
                class="text-foreground h-10 px-2 text-left align-middle font-medium whitespace-nowrap [&:has([role=checkbox])]:pr-0 [&>[role=checkbox]]:translate-y-[2px] w-[100px]"
                data-slot="table-head"
              >
                Merma
              </th>
              <th
                class="text-foreground h-10 px-2 text-left align-middle font-medium whitespace-nowrap [&:has([role=checkbox])]:pr-0 [&>[role=checkbox]]:translate-y-[2px] w-[100px]"
                data-slot="table-head"
              >
                Precio (Ôé¼)
              </th>
              <th
                class="text-foreground h-10 px-2 align-middle font-medium whitespace-nowrap [&:has([role=checkbox])]:pr-0 [&>[role=checkbox]]:translate-y-[2px] text-right w-[100px]"
                data-slot="table-head"
              >
                Acciones
              </th>
            </tr>
          </thead>
          <tbody
            class="[&_tr:last-child]:border-0"
            data-slot="table-body"
          >
            <tr
              class="data-[state=selected]:bg-muted border-b group hover:bg-muted/50 transition-colors"
              data-slot="table-row"
              style="animation-delay: 0ms;"
            >
              <td
                class="p-2 align-middle whitespace-nowrap [&:has([role=checkbox])]:pr-0 [&>[role=checkbox]]:translate-y-[2px] font-medium text-foreground"
                data-slot="table-cell"
              >
                <div
                  class="flex flex-col"
                >
                  <span>
                    Pechuga de Pollo
                  </span>
                  <span
                    class="text-xs text-muted-foreground font-normal"
                  >
                    Carnes
                  </span>
                </div>
              </td>
              <td
                class="p-2 align-middle whitespace-nowrap [&:has([role=checkbox])]:pr-0 [&>[role=checkbox]]:translate-y-[2px]"
                data-slot="table-cell"
              >
                <span
                  class="inline-flex items-center justify-center rounded-full border px-2 py-0.5 font-medium w-fit whitespace-nowrap shrink-0 [&>svg]:size-3 gap-1 [&>svg]:pointer-events-none focus-visible:border-ring focus-visible:ring-ring/50 focus-visible:ring-[3px] aria-invalid:ring-destructive/20 dark:aria-invalid:ring-destructive/40 aria-invalid:border-destructive transition-[color,box-shadow] overflow-hidden border-border text-foreground [a&]:hover:bg-accent [a&]:hover:text-accent-foreground font-mono text-xs uppercase"
                  data-slot="badge"
                  data-variant="outline"
                >
                  kg
                </span>
              </td>
              <td
                class="p-2 align-middle whitespace-nowrap [&:has([role=checkbox])]:pr-0 [&>[role=checkbox]]:translate-y-[2px]"
                data-slot="table-cell"
              >
                <span
                  class="inline-flex items-center justify-center rounded-full border border-transparent px-2 py-0.5 text-xs font-medium w-fit whitespace-nowrap shrink-0 [&>svg]:size-3 gap-1 [&>svg]:poi...
 ÔØ» Object.getElementError node_modules/@testing-library/dom/dist/config.js:37:19
 ÔØ» node_modules/@testing-library/dom/dist/query-helpers.js:76:38
 ÔØ» node_modules/@testing-library/dom/dist/query-helpers.js:52:17
 ÔØ» node_modules/@testing-library/dom/dist/query-helpers.js:95:19
 ÔØ» tests/components/IngredientsTable.test.tsx:115:19
    113|     fireEvent.click(editButtons[0])
    114| 
    115|     expect(screen.getByDisplayValue('5')).toBeInTheDocument()
       |                   ^
    116|     expect(screen.getByDisplayValue('8.9')).toBeInTheDocument()
    117|   })

ÔÄ»ÔÄ»ÔÄ»ÔÄ»ÔÄ»ÔÄ»ÔÄ»ÔÄ»ÔÄ»ÔÄ»ÔÄ»ÔÄ»ÔÄ»ÔÄ»ÔÄ»ÔÄ»ÔÄ»ÔÄ»ÔÄ»ÔÄ»ÔÄ»ÔÄ»ÔÄ»ÔÄ»[1/4]ÔÄ»

 FAIL  tests/components/IngredientsTable.test.tsx > IngredientsTable > deber├¡a cancelar edici├│n al hacer clic en X
TestingLibraryElementError: Unable to find an element with the display value: 5.

Ignored nodes: comments, script, style
<body
  data-scroll-locked="1"
  style="pointer-events: none;"
>
  <span
    aria-hidden="true"
    data-aria-hidden="true"
    data-radix-focus-guard=""
    style="outline: none; opacity: 0; position: fixed; pointer-events: none;"
    tabindex="0"
  />
  <div
    aria-hidden="true"
    data-aria-hidden="true"
  >
    <div
      class="rounded-lg border border-border overflow-hidden shadow-sm animate-fade-in-up bg-white"
    >
      <div
        class="relative w-full overflow-x-auto"
        data-slot="table-container"
      >
        <table
          class="w-full caption-bottom text-sm"
          data-slot="table"
        >
          <thead
            class="[&_tr]:border-b"
            data-slot="table-header"
          >
            <tr
              class="data-[state=selected]:bg-muted border-b transition-colors bg-muted/30 hover:bg-muted/30"
              data-slot="table-row"
            >
              <th
                class="text-foreground h-10 px-2 text-left align-middle whitespace-nowrap [&:has([role=checkbox])]:pr-0 [&>[role=checkbox]]:translate-y-[2px] font-semibold w-[25%]"
                data-slot="table-head"
              >
                Ingrediente
              </th>
              <th
                class="text-foreground h-10 px-2 text-left align-middle whitespace-nowrap [&:has([role=checkbox])]:pr-0 [&>[role=checkbox]]:translate-y-[2px] font-semibold w-[10%]"
                data-slot="table-head"
              >
                Unidad
              </th>
              <th
                class="text-foreground h-10 px-2 text-left align-middle whitespace-nowrap [&:has([role=checkbox])]:pr-0 [&>[role=checkbox]]:translate-y-[2px] font-semibold w-[15%]"
                data-slot="table-head"
              >
                Rendimiento
              </th>
              <th
                class="text-foreground h-10 px-2 text-left align-middle whitespace-nowrap [&:has([role=checkbox])]:pr-0 [&>[role=checkbox]]:translate-y-[2px] font-semibold w-[20%]"
                data-slot="table-head"
              >
                Al├®rgenos
              </th>
              <th
                class="text-foreground h-10 px-2 text-left align-middle font-medium whitespace-nowrap [&:has([role=checkbox])]:pr-0 [&>[role=checkbox]]:translate-y-[2px] w-[100px]"
                data-slot="table-head"
              >
                Merma
              </th>
              <th
                class="text-foreground h-10 px-2 text-left align-middle font-medium whitespace-nowrap [&:has([role=checkbox])]:pr-0 [&>[role=checkbox]]:translate-y-[2px] w-[100px]"
                data-slot="table-head"
              >
                Precio (Ôé¼)
              </th>
              <th
                class="text-foreground h-10 px-2 align-middle font-medium whitespace-nowrap [&:has([role=checkbox])]:pr-0 [&>[role=checkbox]]:translate-y-[2px] text-right w-[100px]"
                data-slot="table-head"
              >
                Acciones
              </th>
            </tr>
          </thead>
          <tbody
            class="[&_tr:last-child]:border-0"
            data-slot="table-body"
          >
            <tr
              class="data-[state=selected]:bg-muted border-b group hover:bg-muted/50 transition-colors"
              data-slot="table-row"
              style="animation-delay: 0ms;"
            >
              <td
                class="p-2 align-middle whitespace-nowrap [&:has([role=checkbox])]:pr-0 [&>[role=checkbox]]:translate-y-[2px] font-medium text-foreground"
                data-slot="table-cell"
              >
                <div
                  class="flex flex-col"
                >
                  <span>
                    Pechuga de Pollo
                  </span>
                  <span
                    class="text-xs text-muted-foreground font-normal"
                  >
                    Carnes
                  </span>
                </div>
              </td>
              <td
                class="p-2 align-middle whitespace-nowrap [&:has([role=checkbox])]:pr-0 [&>[role=checkbox]]:translate-y-[2px]"
                data-slot="table-cell"
              >
                <span
                  class="inline-flex items-center justify-center rounded-full border px-2 py-0.5 font-medium w-fit whitespace-nowrap shrink-0 [&>svg]:size-3 gap-1 [&>svg]:pointer-events-none focus-visible:border-ring focus-visible:ring-ring/50 focus-visible:ring-[3px] aria-invalid:ring-destructive/20 dark:aria-invalid:ring-destructive/40 aria-invalid:border-destructive transition-[color,box-shadow] overflow-hidden border-border text-foreground [a&]:hover:bg-accent [a&]:hover:text-accent-foreground font-mono text-xs uppercase"
                  data-slot="badge"
                  data-variant="outline"
                >
                  kg
                </span>
              </td>
              <td
                class="p-2 align-middle whitespace-nowrap [&:has([role=checkbox])]:pr-0 [&>[role=checkbox]]:translate-y-[2px]"
                data-slot="table-cell"
              >
                <span
                  class="inline-flex items-center justify-center rounded-full border border-transparent px-2 py-0.5 text-xs font-medium w-fit whitespace-nowrap shrink-0 [&>svg]:size-3 gap-1 [&>svg]:poi...
 ÔØ» Object.getElementError node_modules/@testing-library/dom/dist/config.js:37:19
 ÔØ» node_modules/@testing-library/dom/dist/query-helpers.js:76:38
 ÔØ» node_modules/@testing-library/dom/dist/query-helpers.js:52:17
 ÔØ» node_modules/@testing-library/dom/dist/query-helpers.js:95:19
 ÔØ» tests/components/IngredientsTable.test.tsx:125:19
    123|     fireEvent.click(editButtons[0])
    124| 
    125|     expect(screen.getByDisplayValue('5')).toBeInTheDocument()
       |                   ^
    126| 
    127|     // Buscar el bot├│n de cancelar (X) - est├í antes que el de check

ÔÄ»ÔÄ»ÔÄ»ÔÄ»ÔÄ»ÔÄ»ÔÄ»ÔÄ»ÔÄ»ÔÄ»ÔÄ»ÔÄ»ÔÄ»ÔÄ»ÔÄ»ÔÄ»ÔÄ»ÔÄ»ÔÄ»ÔÄ»ÔÄ»ÔÄ»ÔÄ»ÔÄ»[2/4]ÔÄ»

 FAIL  tests/components/IngredientsTable.test.tsx > IngredientsTable > deber├¡a mostrar error con valores inv├ílidos
TestingLibraryElementError: Unable to find an element with the display value: 5.

Ignored nodes: comments, script, style
<body
  data-scroll-locked="1"
  style="pointer-events: none;"
>
  <span
    aria-hidden="true"
    data-aria-hidden="true"
    data-radix-focus-guard=""
    style="outline: none; opacity: 0; position: fixed; pointer-events: none;"
    tabindex="0"
  />
  <div
    aria-hidden="true"
    data-aria-hidden="true"
  >
    <div
      class="rounded-lg border border-border overflow-hidden shadow-sm animate-fade-in-up bg-white"
    >
      <div
        class="relative w-full overflow-x-auto"
        data-slot="table-container"
      >
        <table
          class="w-full caption-bottom text-sm"
          data-slot="table"
        >
          <thead
            class="[&_tr]:border-b"
            data-slot="table-header"
          >
            <tr
              class="data-[state=selected]:bg-muted border-b transition-colors bg-muted/30 hover:bg-muted/30"
              data-slot="table-row"
            >
              <th
                class="text-foreground h-10 px-2 text-left align-middle whitespace-nowrap [&:has([role=checkbox])]:pr-0 [&>[role=checkbox]]:translate-y-[2px] font-semibold w-[25%]"
                data-slot="table-head"
              >
                Ingrediente
              </th>
              <th
                class="text-foreground h-10 px-2 text-left align-middle whitespace-nowrap [&:has([role=checkbox])]:pr-0 [&>[role=checkbox]]:translate-y-[2px] font-semibold w-[10%]"
                data-slot="table-head"
              >
                Unidad
              </th>
              <th
                class="text-foreground h-10 px-2 text-left align-middle whitespace-nowrap [&:has([role=checkbox])]:pr-0 [&>[role=checkbox]]:translate-y-[2px] font-semibold w-[15%]"
                data-slot="table-head"
              >
                Rendimiento
              </th>
              <th
                class="text-foreground h-10 px-2 text-left align-middle whitespace-nowrap [&:has([role=checkbox])]:pr-0 [&>[role=checkbox]]:translate-y-[2px] font-semibold w-[20%]"
                data-slot="table-head"
              >
                Al├®rgenos
              </th>
              <th
                class="text-foreground h-10 px-2 text-left align-middle font-medium whitespace-nowrap [&:has([role=checkbox])]:pr-0 [&>[role=checkbox]]:translate-y-[2px] w-[100px]"
                data-slot="table-head"
              >
                Merma
              </th>
              <th
                class="text-foreground h-10 px-2 text-left align-middle font-medium whitespace-nowrap [&:has([role=checkbox])]:pr-0 [&>[role=checkbox]]:translate-y-[2px] w-[100px]"
                data-slot="table-head"
              >
                Precio (Ôé¼)
              </th>
              <th
                class="text-foreground h-10 px-2 align-middle font-medium whitespace-nowrap [&:has([role=checkbox])]:pr-0 [&>[role=checkbox]]:translate-y-[2px] text-right w-[100px]"
                data-slot="table-head"
              >
                Acciones
              </th>
            </tr>
          </thead>
          <tbody
            class="[&_tr:last-child]:border-0"
            data-slot="table-body"
          >
            <tr
              class="data-[state=selected]:bg-muted border-b group hover:bg-muted/50 transition-colors"
              data-slot="table-row"
              style="animation-delay: 0ms;"
            >
              <td
                class="p-2 align-middle whitespace-nowrap [&:has([role=checkbox])]:pr-0 [&>[role=checkbox]]:translate-y-[2px] font-medium text-foreground"
                data-slot="table-cell"
              >
                <div
                  class="flex flex-col"
                >
                  <span>
                    Pechuga de Pollo
                  </span>
                  <span
                    class="text-xs text-muted-foreground font-normal"
                  >
                    Carnes
                  </span>
                </div>
              </td>
              <td
                class="p-2 align-middle whitespace-nowrap [&:has([role=checkbox])]:pr-0 [&>[role=checkbox]]:translate-y-[2px]"
                data-slot="table-cell"
              >
                <span
                  class="inline-flex items-center justify-center rounded-full border px-2 py-0.5 font-medium w-fit whitespace-nowrap shrink-0 [&>svg]:size-3 gap-1 [&>svg]:pointer-events-none focus-visible:border-ring focus-visible:ring-ring/50 focus-visible:ring-[3px] aria-invalid:ring-destructive/20 dark:aria-invalid:ring-destructive/40 aria-invalid:border-destructive transition-[color,box-shadow] overflow-hidden border-border text-foreground [a&]:hover:bg-accent [a&]:hover:text-accent-foreground font-mono text-xs uppercase"
                  data-slot="badge"
                  data-variant="outline"
                >
                  kg
                </span>
              </td>
              <td
                class="p-2 align-middle whitespace-nowrap [&:has([role=checkbox])]:pr-0 [&>[role=checkbox]]:translate-y-[2px]"
                data-slot="table-cell"
              >
                <span
                  class="inline-flex items-center justify-center rounded-full border border-transparent px-2 py-0.5 text-xs font-medium w-fit whitespace-nowrap shrink-0 [&>svg]:size-3 gap-1 [&>svg]:poi...
 ÔØ» Object.getElementError node_modules/@testing-library/dom/dist/config.js:37:19
 ÔØ» node_modules/@testing-library/dom/dist/query-helpers.js:76:38
 ÔØ» node_modules/@testing-library/dom/dist/query-helpers.js:52:17
 ÔØ» node_modules/@testing-library/dom/dist/query-helpers.js:95:19
 ÔØ» tests/components/IngredientsTable.test.tsx:150:31
    148|     fireEvent.click(editButtons[0])
    149| 
    150|     const wasteInput = screen.getByDisplayValue('5')
       |                               ^
    151|     fireEvent.change(wasteInput, { target: { value: 'invalid' } })
    152| 

ÔÄ»ÔÄ»ÔÄ»ÔÄ»ÔÄ»ÔÄ»ÔÄ»ÔÄ»ÔÄ»ÔÄ»ÔÄ»ÔÄ»ÔÄ»ÔÄ»ÔÄ»ÔÄ»ÔÄ»ÔÄ»ÔÄ»ÔÄ»ÔÄ»ÔÄ»ÔÄ»ÔÄ»[3/4]ÔÄ»

 FAIL  tests/unit/recipe-utils.test.ts > formatRecipeIngredient - 100% Coverage > deber├¡a lanzar error si falta master_ingredient (l├¡neas 21-23)
AssertionError: expected [Function] to throw an error

- Expected: 
null

+ Received: 
undefined

 ÔØ» tests/unit/recipe-utils.test.ts:197:48
    195|     }
    196| 
    197|     expect(() => formatRecipeIngredient(item)).toThrow('Invalid ingredÔÇª
       |                                                ^
    198|   })
    199| 

ÔÄ»ÔÄ»ÔÄ»ÔÄ»ÔÄ»ÔÄ»ÔÄ»ÔÄ»ÔÄ»ÔÄ»ÔÄ»ÔÄ»ÔÄ»ÔÄ»ÔÄ»ÔÄ»ÔÄ»ÔÄ»ÔÄ»ÔÄ»ÔÄ»ÔÄ»ÔÄ»ÔÄ»[4/4]ÔÄ»


[2m Test Files [22m [1m[31m2 failed[39m[22m[2m | [22m[1m[32m22 passed[39m[22m[90m (24)[39m
[2m      Tests [22m [1m[31m4 failed[39m[22m[2m | [22m[1m[32m283 passed[39m[22m[90m (287)[39m
[2m   Start at [22m 10:32:30
[2m   Duration [22m 11.63s[2m (transform 3.74s, setup 7.45s, import 10.19s, tests 18.33s, environment 60.93s)[22m

