src/lib/invoice-extractor.ts(102,18): error TS2322: Type 'LanguageModelV1' is not assignable to type 'LanguageModel'.
  Type 'LanguageModelV1' is not assignable to type '(string & {}) | LanguageModelV3 | LanguageModelV2'.
    Property 'supportedUrls' is missing in type 'LanguageModelV1' but required in type 'LanguageModelV2'.
